// Jest Snapshot v1, https://goo.gl/fbAQLP

exports[`Prints to stdout correctly 1`] = `
"=======================
Entrypoint: Database
Database constructor
	get
	saveUser
		post

=======================
Entrypoint: Registration
startRegistration
	processRegistration
		someRegistrationProcedure
			callInsideTracedFn
	finishRegistration
		callInsideTracedFn
	cleanupSomething

=======================
Entrypoint: OuterEntrypoint
begin
	funcA
	beingNestedEntrypoint
			funcA
			funcB
	funcB

=======================
Entrypoint: NestedEntrypoint
beingNestedEntrypoint
	funcA
	funcB

=======================
Entrypoint: InfiniteSelfRecursion
infiniteSelfRecursion
	infiniteSelfRecursion

=======================
Entrypoint: IndirectInfiniteSelfRecursion
indirectInfiniteSelfRecursion
	makeIndirectRecursiveCall
		indirectInfiniteSelfRecursion

"
`;
